
> vite_react_shadcn_ts@0.0.0 build
> vite build

[36mvite v5.4.19 [32mbuilding for production...[36m[39m
transforming...
node.exe : Browserslist: 
browsers data 
(caniuse-lite) is 10 
months old. Please run:
At C:\Program 
Files\nodejs\npm.ps1:29 
char:3
+   & $NODE_EXE 
$NPM_CLI_JS $args
+   ~~~~~~~~~~~~~~~~~~~~~~~
~~~~~~
    + CategoryInfo         
     : NotSpecified: (Bro  
  wserslist: b...ld. Ple   
 ase run::String) [], R    
emoteException
    + FullyQualifiedErrorI 
   d : NativeCommandError
 
  npx update-browserslist-d
b@latest
  Why you should do it 
regularly: https://github.c
om/browserslist/update-db#r
eadme
[32mΓ£ô[39m 1781 modules transformed.
rendering chunks...
computing gzip size...
[2mdist/[22m[32mindex.html                             [39m[1m[2m  1.54 kB[22m[1m[22m[2m Γöé gzip:   0.61 kB[22m
[2mdist/[22m[32massets/oppo-flagship-BcvJGdae.jpg      [39m[1m[2m 13.68 kB[22m[1m[22m
[2mdist/[22m[32massets/xiaomi-flagship-Bjc0eSyl.jpg    [39m[1m[2m 14.43 kB[22m[1m[22m
[2mdist/[22m[32massets/samsung-budget-CJgqEnAZ.jpg     [39m[1m[2m 14.46 kB[22m[1m[22m
[2mdist/[22m[32massets/nothing-budget-DXtucm-L.jpg     [39m[1m[2m 14.67 kB[22m[1m[22m
[2mdist/[22m[32massets/vivo-flagship-69akQzVt.jpg      [39m[1m[2m 15.20 kB[22m[1m[22m
[2mdist/[22m[32massets/google-flagship-MBckyBKJ.jpg    [39m[1m[2m 15.90 kB[22m[1m[22m
[2mdist/[22m[32massets/infinix-budget-C9LneIWF.jpg     [39m[1m[2m 16.06 kB[22m[1m[22m
[2mdist/[22m[32massets/samsung-flagship-6vsm5qxl.jpg   [39m[1m[2m 16.43 kB[22m[1m[22m
[2mdist/[22m[32massets/google-budget-CO9tt8gE.jpg      [39m[1m[2m 16.73 kB[22m[1m[22m
[2mdist/[22m[32massets/realme-budget-BiNliej3.jpg      [39m[1m[2m 16.83 kB[22m[1m[22m
[2mdist/[22m[32massets/nokia-budget-BJiKEhNN.jpg       [39m[1m[2m 17.07 kB[22m[1m[22m
[2mdist/[22m[32massets/motorola-budget-RfGSEjhk.jpg    [39m[1m[2m 17.25 kB[22m[1m[22m
[2mdist/[22m[32massets/apple-flagship-BNGw0M8q.jpg     [39m[1m[2m 17.76 kB[22m[1m[22m
[2mdist/[22m[32massets/oneplus-budget-DFjzeMpL.jpg     [39m[1m[2m 17.77 kB[22m[1m[22m
[2mdist/[22m[32massets/apple-budget-D9cjIPnb.jpg       [39m[1m[2m 17.93 kB[22m[1m[22m
[2mdist/[22m[32massets/realme-flagship-Gcl5AEFT.jpg    [39m[1m[2m 18.18 kB[22m[1m[22m
[2mdist/[22m[32massets/oneplus-logo-C4bmAp0I.png       [39m[1m[2m 18.95 kB[22m[1m[22m
[2mdist/[22m[32massets/iqoo-budget-Ca1uTfoc.jpg        [39m[1m[2m 19.21 kB[22m[1m[22m
[2mdist/[22m[32massets/oneplus-flagship-BPFbSIX3.jpg   [39m[1m[2m 19.26 kB[22m[1m[22m
[2mdist/[22m[32massets/huawei-budget-YlnxrbCn.jpg      [39m[1m[2m 19.54 kB[22m[1m[22m
[2mdist/[22m[32massets/xiaomi-budget-B3BWxHB8.jpg      [39m[1m[2m 19.59 kB[22m[1m[22m
[2mdist/[22m[32massets/oppo-budget-BFO_Q_dU.jpg        [39m[1m[2m 19.73 kB[22m[1m[22m
[2mdist/[22m[32massets/tecno-flagship-DEfSrvHG.jpg     [39m[1m[2m 19.80 kB[22m[1m[22m
[2mdist/[22m[32massets/motorola-flagship-DDf3i8_Y.jpg  [39m[1m[2m 20.25 kB[22m[1m[22m
[2mdist/[22m[32massets/huawei-flagship-BMID7Ka2.jpg    [39m[1m[2m 20.53 kB[22m[1m[22m
[2mdist/[22m[32massets/iqoo-flagship-DKk9RaA_.jpg      [39m[1m[2m 20.96 kB[22m[1m[22m
[2mdist/[22m[32massets/tecno-budget-CJsKV6mq.jpg       [39m[1m[2m 21.50 kB[22m[1m[22m
[2mdist/[22m[32massets/vivo-budget-BkkI3DYP.jpg        [39m[1m[2m 21.81 kB[22m[1m[22m
[2mdist/[22m[32massets/nothing-flagship-CavRENjf.jpg   [39m[1m[2m 23.00 kB[22m[1m[22m
[2mdist/[22m[32massets/infinix-flagship-BMA1o0Ck.jpg   [39m[1m[2m 23.03 kB[22m[1m[22m
[2mdist/[22m[32massets/nokia-flagship-Ci4a6qHk.jpg     [39m[1m[2m 23.93 kB[22m[1m[22m
[2mdist/[22m[32massets/xiaomi-logo-DCJZp3JW.png        [39m[1m[2m 26.81 kB[22m[1m[22m
[2mdist/[22m[32massets/apple-logo-Zw27Cnbe.png         [39m[1m[2m 32.50 kB[22m[1m[22m
[2mdist/[22m[32massets/infinix-logo-0GsnrKLR.png       [39m[1m[2m 36.00 kB[22m[1m[22m
[2mdist/[22m[32massets/nothing-logo-DehhATRG.png       [39m[1m[2m 36.62 kB[22m[1m[22m
[2mdist/[22m[32massets/nokia-logo-CIQ3u7Mj.png         [39m[1m[2m 42.77 kB[22m[1m[22m
[2mdist/[22m[32massets/realme-logo-BwY75S3c.png        [39m[1m[2m 42.77 kB[22m[1m[22m
[2mdist/[22m[32massets/iqoo-logo-nh4bWHsz.png          [39m[1m[2m 45.10 kB[22m[1m[22m
[2mdist/[22m[32massets/tecno-logo-Bp_Rb68U.png         [39m[1m[2m 45.86 kB[22m[1m[22m
[2mdist/[22m[32massets/vivo-logo-Cqcz49Nq.png          [39m[1m[2m 47.92 kB[22m[1m[22m
[2mdist/[22m[32massets/samsung-logo-DH1J6Pzf.png       [39m[1m[2m 48.21 kB[22m[1m[22m
[2mdist/[22m[32massets/motorola-logo-C1lAUZya.png      [39m[1m[2m 49.68 kB[22m[1m[22m
[2mdist/[22m[32massets/google-logo-CuRIwt5h.png        [39m[1m[2m 52.42 kB[22m[1m[22m
[2mdist/[22m[32massets/oppo-logo-DPJYnAn0.png          [39m[1m[2m 58.05 kB[22m[1m[22m
[2mdist/[22m[32massets/huawei-logo-MetvZ3WZ.png        [39m[1m[2m129.82 kB[22m[1m[22m
[2mdist/[22m[35massets/index-7RDVKXzO.css              [39m[1m[2m 69.46 kB[22m[1m[22m[2m Γöé gzip:  12.04 kB[22m
[2mdist/[22m[36massets/index-8kzgGbzm.js               [39m[1m[33m728.29 kB[39m[22m[2m Γöé gzip: 187.31 kB[22m
[33m
(!) Some chunks are larger 
than 500 kB after 
minification. Consider:
- Using dynamic import() 
to code-split the 
application
- Use build.rollupOptions.o
utput.manualChunks to 
improve chunking: https://r
ollupjs.org/configuration-o
ptions/#output-manualchunks
- Adjust chunk size limit 
for this warning via build.
chunkSizeWarningLimit.[39m
[32mΓ£ô built in 12.74s[39m
